../src/Harish_Marepalli_016707314_3D_Shading_DiffuseReflection.c:99:6:spiwrite	24	static
../src/Harish_Marepalli_016707314_3D_Shading_DiffuseReflection.c:112:6:writecommand	16	static
../src/Harish_Marepalli_016707314_3D_Shading_DiffuseReflection.c:119:6:writedata	16	static
../src/Harish_Marepalli_016707314_3D_Shading_DiffuseReflection.c:126:6:writeword	24	static
../src/Harish_Marepalli_016707314_3D_Shading_DiffuseReflection.c:139:6:write888	24	static
../src/Harish_Marepalli_016707314_3D_Shading_DiffuseReflection.c:161:6:setAddrWindow	24	static
../src/Harish_Marepalli_016707314_3D_Shading_DiffuseReflection.c:176:6:fillrect	32	static
../src/Harish_Marepalli_016707314_3D_Shading_DiffuseReflection.c:193:6:lcddelay	24	static
../src/Harish_Marepalli_016707314_3D_Shading_DiffuseReflection.c:202:6:lcd_init	16	static
../src/Harish_Marepalli_016707314_3D_Shading_DiffuseReflection.c:240:9:xCartesian	16	static
../src/Harish_Marepalli_016707314_3D_Shading_DiffuseReflection.c:247:9:yCartesian	16	static
../src/Harish_Marepalli_016707314_3D_Shading_DiffuseReflection.c:253:6:drawPixel	16	static
../src/Harish_Marepalli_016707314_3D_Shading_DiffuseReflection.c:284:6:drawLine	40	static
../src/Harish_Marepalli_016707314_3D_Shading_DiffuseReflection.c:345:7:Lambda3D	32	static
../src/Harish_Marepalli_016707314_3D_Shading_DiffuseReflection.c:352:7:ShadowPoint3D	48	static
../src/Harish_Marepalli_016707314_3D_Shading_DiffuseReflection.c:361:5:getDiffuseColor	104	static
../src/Harish_Marepalli_016707314_3D_Shading_DiffuseReflection.c:381:5:getDiffuseColorGreen	104	static
../src/Harish_Marepalli_016707314_3D_Shading_DiffuseReflection.c:401:7:get3DTransform	120	static
../src/Harish_Marepalli_016707314_3D_Shading_DiffuseReflection.c:448:7:rotate_pointIn3D	80	static
../src/Harish_Marepalli_016707314_3D_Shading_DiffuseReflection.c:486:6:drawTree	128	static
../src/Harish_Marepalli_016707314_3D_Shading_DiffuseReflection.c:514:6:designTreeTrunkIn3D	88	static
../src/Harish_Marepalli_016707314_3D_Shading_DiffuseReflection.c:534:6:designTreeIn3D	144	static
../src/Harish_Marepalli_016707314_3D_Shading_DiffuseReflection.c:584:7:rotateCoord3D	176	static
../src/Harish_Marepalli_016707314_3D_Shading_DiffuseReflection.c:664:6:drawCube	2160	static
../src/Harish_Marepalli_016707314_3D_Shading_DiffuseReflection.c:877:6:drawSphere	25904	static
../src/Harish_Marepalli_016707314_3D_Shading_DiffuseReflection.c:981:5:main	24	static
